[2026-07-09 11:48:55] === بدء اختبار الاتصال ===
[2026-07-09 11:48:55] Host: sql210.infinityfree.com
[2026-07-09 11:48:55] Database: if0_42300177_nava_db
[2026-07-09 11:48:55] User: if0_42300177
[2026-07-09 11:48:55] Port: 3306
[2026-07-09 11:48:55] DSN: mysql:host=sql210.infinityfree.com;port=3306;dbname=if0_42300177_nava_db;charset=utf8mb4
[2026-07-09 11:48:55] ✓ الاتصال نجح!
[2026-07-09 11:48:55] === انتهى الاختبار بنجاح ===

[2026-07-09 11:50:15] === بدء اختبار الاتصال ===
[2026-07-09 11:50:15] Host: sql210.infinityfree.com
[2026-07-09 11:50:15] Database: if0_42300177_nava_db
[2026-07-09 11:50:15] User: if0_42300177
[2026-07-09 11:50:15] Port: 3306
[2026-07-09 11:50:15] DSN: mysql:host=sql210.infinityfree.com;port=3306;dbname=if0_42300177_nava_db;charset=utf8mb4
[2026-07-09 11:50:15] ✓ الاتصال نجح!
[2026-07-09 11:50:15] === انتهى الاختبار بنجاح ===

[2026-07-09 12:22:11] === بدء اختبار الاتصال ===
[2026-07-09 12:22:11] Host: sql210.infinityfree.com
[2026-07-09 12:22:11] Database: if0_42300177_nava_db
[2026-07-09 12:22:11] User: if0_42300177
[2026-07-09 12:22:11] Port: 3306
[2026-07-09 12:22:11] DSN: mysql:host=sql210.infinityfree.com;port=3306;dbname=if0_42300177_nava_db;charset=utf8mb4
[2026-07-09 12:22:11] ✓ الاتصال نجح!
[2026-07-09 12:22:11] === انتهى الاختبار بنجاح ===

[2026-07-09 12:35:07] === بدء اختبار الاتصال ===
[2026-07-09 12:35:07] Host: sql210.infinityfree.com
[2026-07-09 12:35:07] Database: if0_42300177_nava_db
[2026-07-09 12:35:07] User: if0_42300177
[2026-07-09 12:35:07] Port: 3306
[2026-07-09 12:35:07] DSN: mysql:host=sql210.infinityfree.com;port=3306;dbname=if0_42300177_nava_db;charset=utf8mb4
[2026-07-09 12:35:07] ✓ الاتصال نجح!
[2026-07-09 12:35:07] === انتهى الاختبار بنجاح ===

