[2026-06-25 04:11:19] === بدء اختبار الاتصال ===
[2026-06-25 04:11:19] Host: 127.0.0.1
[2026-06-25 04:11:19] Database: nava_db
[2026-06-25 04:11:19] User: nava_user
[2026-06-25 04:11:19] Port: 3306
[2026-06-25 04:11:19] DSN: mysql:host=127.0.0.1;port=3306;dbname=nava_db;charset=utf8mb4
[2026-06-25 04:11:19] ❌ فشل الاتصال!
[2026-06-25 04:11:19] Error Code: 0
[2026-06-25 04:11:19] Error Message: could not find driver
[2026-06-25 04:11:19] === انتهى الاختبار بفشل ===

[2026-06-25 04:11:21] === بدء اختبار الاتصال ===
[2026-06-25 04:11:21] Host: 127.0.0.1
[2026-06-25 04:11:21] Database: nava_db
[2026-06-25 04:11:21] User: nava_user
[2026-06-25 04:11:21] Port: 3306
[2026-06-25 04:11:21] DSN: mysql:host=127.0.0.1;port=3306;dbname=nava_db;charset=utf8mb4
[2026-06-25 04:11:21] ❌ فشل الاتصال!
[2026-06-25 04:11:21] Error Code: 0
[2026-06-25 04:11:21] Error Message: could not find driver
[2026-06-25 04:11:21] === انتهى الاختبار بفشل ===

[2026-06-25 04:11:40] === بدء اختبار الاتصال ===
[2026-06-25 04:11:40] Host: 127.0.0.1
[2026-06-25 04:11:40] Database: nava_db
[2026-06-25 04:11:40] User: nava_user
[2026-06-25 04:11:40] Port: 3306
[2026-06-25 04:11:40] DSN: mysql:host=127.0.0.1;port=3306;dbname=nava_db;charset=utf8mb4
[2026-06-25 04:11:40] ❌ فشل الاتصال!
[2026-06-25 04:11:40] Error Code: 0
[2026-06-25 04:11:40] Error Message: could not find driver
[2026-06-25 04:11:40] === انتهى الاختبار بفشل ===

[2026-06-25 04:11:46] === بدء اختبار الاتصال ===
[2026-06-25 04:11:46] Host: 127.0.0.1
[2026-06-25 04:11:46] Database: nava_db
[2026-06-25 04:11:46] User: nava_user
[2026-06-25 04:11:46] Port: 3306
[2026-06-25 04:11:46] DSN: mysql:host=127.0.0.1;port=3306;dbname=nava_db;charset=utf8mb4
[2026-06-25 04:11:46] ❌ فشل الاتصال!
[2026-06-25 04:11:46] Error Code: 0
[2026-06-25 04:11:46] Error Message: could not find driver
[2026-06-25 04:11:46] === انتهى الاختبار بفشل ===

[2026-06-25 04:11:48] === بدء اختبار الاتصال ===
[2026-06-25 04:11:48] Host: 127.0.0.1
[2026-06-25 04:11:48] Database: nava_db
[2026-06-25 04:11:48] User: nava_user
[2026-06-25 04:11:48] Port: 3306
[2026-06-25 04:11:48] DSN: mysql:host=127.0.0.1;port=3306;dbname=nava_db;charset=utf8mb4
[2026-06-25 04:11:48] ❌ فشل الاتصال!
[2026-06-25 04:11:48] Error Code: 0
[2026-06-25 04:11:48] Error Message: could not find driver
[2026-06-25 04:11:48] === انتهى الاختبار بفشل ===

[2026-06-25 04:11:51] === بدء اختبار الاتصال ===
[2026-06-25 04:11:51] Host: 127.0.0.1
[2026-06-25 04:11:51] Database: nava_db
[2026-06-25 04:11:51] User: nava_user
[2026-06-25 04:11:51] Port: 3306
[2026-06-25 04:11:51] DSN: mysql:host=127.0.0.1;port=3306;dbname=nava_db;charset=utf8mb4
[2026-06-25 04:11:51] ❌ فشل الاتصال!
[2026-06-25 04:11:51] Error Code: 0
[2026-06-25 04:11:51] Error Message: could not find driver
[2026-06-25 04:11:51] === انتهى الاختبار بفشل ===

[2026-06-25 04:14:08] === بدء اختبار الاتصال ===
[2026-06-25 04:14:08] Host: 127.0.0.1
[2026-06-25 04:14:08] Database: nava_db
[2026-06-25 04:14:08] User: nava_user
[2026-06-25 04:14:08] Port: 3306
[2026-06-25 04:14:08] DSN: mysql:host=127.0.0.1;port=3306;dbname=nava_db;charset=utf8mb4
[2026-06-25 04:14:08] ❌ فشل الاتصال!
[2026-06-25 04:14:08] Error Code: 0
[2026-06-25 04:14:08] Error Message: could not find driver
[2026-06-25 04:14:08] === انتهى الاختبار بفشل ===

[2026-06-25 04:14:15] === بدء اختبار الاتصال ===
[2026-06-25 04:14:15] Host: 127.0.0.1
[2026-06-25 04:14:15] Database: nava_db
[2026-06-25 04:14:15] User: nava_user
[2026-06-25 04:14:15] Port: 3306
[2026-06-25 04:14:15] DSN: mysql:host=127.0.0.1;port=3306;dbname=nava_db;charset=utf8mb4
[2026-06-25 04:14:15] ❌ فشل الاتصال!
[2026-06-25 04:14:15] Error Code: 0
[2026-06-25 04:14:15] Error Message: could not find driver
[2026-06-25 04:14:15] === انتهى الاختبار بفشل ===

[2026-06-25 04:14:23] === بدء اختبار الاتصال ===
[2026-06-25 04:14:23] Host: 127.0.0.1
[2026-06-25 04:14:23] Database: nava_db
[2026-06-25 04:14:23] User: nava_user
[2026-06-25 04:14:23] Port: 3306
[2026-06-25 04:14:23] DSN: mysql:host=127.0.0.1;port=3306;dbname=nava_db;charset=utf8mb4
[2026-06-25 04:14:23] ❌ فشل الاتصال!
[2026-06-25 04:14:23] Error Code: 0
[2026-06-25 04:14:23] Error Message: could not find driver
[2026-06-25 04:14:23] === انتهى الاختبار بفشل ===

[2026-06-25 04:14:26] === بدء اختبار الاتصال ===
[2026-06-25 04:14:26] Host: 127.0.0.1
[2026-06-25 04:14:26] Database: nava_db
[2026-06-25 04:14:26] User: nava_user
[2026-06-25 04:14:26] Port: 3306
[2026-06-25 04:14:26] DSN: mysql:host=127.0.0.1;port=3306;dbname=nava_db;charset=utf8mb4
[2026-06-25 04:14:26] ❌ فشل الاتصال!
[2026-06-25 04:14:26] Error Code: 0
[2026-06-25 04:14:26] Error Message: could not find driver
[2026-06-25 04:14:26] === انتهى الاختبار بفشل ===

[2026-06-25 04:15:59] === بدء اختبار الاتصال ===
[2026-06-25 04:15:59] Host: 127.0.0.1
[2026-06-25 04:15:59] Database: nava_db
[2026-06-25 04:15:59] User: nava_user
[2026-06-25 04:15:59] Port: 3306
[2026-06-25 04:15:59] DSN: mysql:host=127.0.0.1;port=3306;dbname=nava_db;charset=utf8mb4
[2026-06-25 04:15:59] ✓ الاتصال نجح!
[2026-06-25 04:15:59] === انتهى الاختبار بنجاح ===

[2026-06-25 04:16:15] === بدء اختبار الاتصال ===
[2026-06-25 04:16:15] Host: 127.0.0.1
[2026-06-25 04:16:15] Database: nava_db
[2026-06-25 04:16:15] User: nava_user
[2026-06-25 04:16:15] Port: 3306
[2026-06-25 04:16:15] DSN: mysql:host=127.0.0.1;port=3306;dbname=nava_db;charset=utf8mb4
[2026-06-25 04:16:15] ✓ الاتصال نجح!
[2026-06-25 04:16:15] === انتهى الاختبار بنجاح ===

[2026-06-25 04:16:30] === بدء اختبار الاتصال ===
[2026-06-25 04:16:30] Host: 127.0.0.1
[2026-06-25 04:16:30] Database: nava_db
[2026-06-25 04:16:30] User: nava_user
[2026-06-25 04:16:30] Port: 3306
[2026-06-25 04:16:30] DSN: mysql:host=127.0.0.1;port=3306;dbname=nava_db;charset=utf8mb4
[2026-06-25 04:16:30] ✓ الاتصال نجح!
[2026-06-25 04:16:30] === انتهى الاختبار بنجاح ===

[2026-06-25 04:18:21] === بدء اختبار الاتصال ===
[2026-06-25 04:18:21] Host: 127.0.0.1
[2026-06-25 04:18:21] Database: nava_db
[2026-06-25 04:18:21] User: nava_user
[2026-06-25 04:18:21] Port: 3306
[2026-06-25 04:18:21] DSN: mysql:host=127.0.0.1;port=3306;dbname=nava_db;charset=utf8mb4
[2026-06-25 04:18:21] ✓ الاتصال نجح!
[2026-06-25 04:18:21] === انتهى الاختبار بنجاح ===

[2026-06-25 04:18:39] === بدء اختبار الاتصال ===
[2026-06-25 04:18:39] Host: 127.0.0.1
[2026-06-25 04:18:39] Database: nava_db
[2026-06-25 04:18:39] User: nava_user
[2026-06-25 04:18:39] Port: 3306
[2026-06-25 04:18:39] DSN: mysql:host=127.0.0.1;port=3306;dbname=nava_db;charset=utf8mb4
[2026-06-25 04:18:39] ✓ الاتصال نجح!
[2026-06-25 04:18:39] === انتهى الاختبار بنجاح ===

[2026-06-25 04:18:42] === بدء اختبار الاتصال ===
[2026-06-25 04:18:42] Host: 127.0.0.1
[2026-06-25 04:18:42] Database: nava_db
[2026-06-25 04:18:42] User: nava_user
[2026-06-25 04:18:42] Port: 3306
[2026-06-25 04:18:42] DSN: mysql:host=127.0.0.1;port=3306;dbname=nava_db;charset=utf8mb4
[2026-06-25 04:18:42] ✓ الاتصال نجح!
[2026-06-25 04:18:42] === انتهى الاختبار بنجاح ===

[2026-06-25 04:21:22] === بدء اختبار الاتصال ===
[2026-06-25 04:21:22] Host: 127.0.0.1
[2026-06-25 04:21:22] Database: nava_db
[2026-06-25 04:21:22] User: nava_user
[2026-06-25 04:21:22] Port: 3306
[2026-06-25 04:21:22] DSN: mysql:host=127.0.0.1;port=3306;dbname=nava_db;charset=utf8mb4
[2026-06-25 04:21:22] ✓ الاتصال نجح!
[2026-06-25 04:21:22] === انتهى الاختبار بنجاح ===

[2026-06-25 04:21:52] === بدء اختبار الاتصال ===
[2026-06-25 04:21:52] Host: 127.0.0.1
[2026-06-25 04:21:52] Database: nava_db
[2026-06-25 04:21:52] User: nava_user
[2026-06-25 04:21:52] Port: 3306
[2026-06-25 04:21:52] DSN: mysql:host=127.0.0.1;port=3306;dbname=nava_db;charset=utf8mb4
[2026-06-25 04:21:52] ✓ الاتصال نجح!
[2026-06-25 04:21:52] === انتهى الاختبار بنجاح ===

